
Clover Version    1.300
       MPI Version
   Task Count      1

 Clover will run from the following input:-

*clover                                                                                             
 state 1 density=0.2 energy=1.0                                                                     
 state 2 density=1.0 energy=2.5 geometry=rectangle xmin=0.0 xmax=5.0 ymin=0.0 ymax=2.0              
 x_cells=10                                                                                         
 y_cells=2                                                                                          
 xmin=0.0                                                                                           
 ymin=0.0                                                                                           
 xmax=10.0                                                                                          
 ymax=2.0                                                                                           
 initial_timestep=0.04                                                                              
 timestep_rise=1.5                                                                                  
 max_timestep=0.04                                                                                  
 end_time=3.0                                                                                       
 test_problem 1                                                                                     
*endclover                                                                                          

 Initialising and generating

 Reading input file

 Reading specification for state            1

            state density   0.2000E+00
             state energy   0.1000E+01

 Reading specification for state            2

            state density   0.1000E+01
             state energy   0.2500E+01
 state geometry rectangular
               state xmin   0.0000E+00
               state xmax   0.5000E+01
               state ymin   0.0000E+00
               state ymax   0.2000E+01

                   x_cells          10
                   y_cells           2
                      xmin  0.0000E+00
                      ymin  0.0000E+00
                      xmax  0.1000E+02
                      ymax  0.2000E+01
         initial_timestep   0.4000E-01
             timestep_rise  0.1500E+01
              max_timestep  0.4000E-01
                  end_time  0.3000E+01
              test_problem           1

     Using Fortran Kernels

 Input read finished.

 Setting up initial geometry


 Mesh ratio of    5.0000000000000000     
 Decomposing the mesh into            1  by            1  chunks
 Decomposing the chunk with            1  tiles

 Generating chunks

 Problem initialised and generated

 Time    0.0000000000000000     
                       Volume            Mass         Density        Pressure Internal Energy  Kinetic Energy    Total Energy
 step:      0      0.2000E+02      0.1200E+02      0.6000E+00      0.5400E+00      0.2700E+02      0.0000E+00      0.2700E+02

 Starting the calculation
 Step       1 time   0.0000000 control    sound    timestep   4.00E-02       1,       1 x  5.00E-01 y  5.00E-01
 Wall clock    1.0585784912109375E-004
 Average time per cell    5.2928924560546873E-006
 Step time per cell       5.2928924560546873E-006
 Step       2 time   0.0400000 control    sound    timestep   4.00E-02       1,       1 x  5.00E-01 y  5.00E-01
 Wall clock    1.9288063049316406E-004
 Average time per cell    4.8220157623291019E-006
 Step time per cell       3.5405158996582030E-006
 Step       3 time   0.0800000 control    sound    timestep   4.00E-02       1,       1 x  5.00E-01 y  5.00E-01
 Wall clock    2.7704238891601562E-004
 Average time per cell    4.6173731486002605E-006
 Step time per cell       3.4093856811523439E-006
 Step       4 time   0.1200000 control    sound    timestep   4.00E-02       1,       1 x  5.00E-01 y  5.00E-01
 Wall clock    3.8194656372070312E-004
 Average time per cell    4.7743320465087887E-006
 Step time per cell       4.4941902160644535E-006
 Step       5 time   0.1600000 control    sound    timestep   4.00E-02       1,       1 x  5.00E-01 y  5.00E-01
 Wall clock    4.9185752868652344E-004
 Average time per cell    4.9185752868652341E-006
 Step time per cell       3.5405158996582030E-006
 Step       6 time   0.2000000 control    sound    timestep   4.00E-02       1,       1 x  5.00E-01 y  5.00E-01
 Wall clock    6.2394142150878906E-004
 Average time per cell    5.1995118459065756E-006
 Step time per cell       3.4451484680175780E-006
 Step       7 time   0.2400000 control    sound    timestep   4.00E-02       1,       1 x  5.00E-01 y  5.00E-01
 Wall clock    7.0595741271972656E-004
 Average time per cell    5.0425529479980465E-006
 Step time per cell       3.3497810363769533E-006
 Step       8 time   0.2800000 control    sound    timestep   4.00E-02       1,       1 x  5.00E-01 y  5.00E-01
 Wall clock    8.0394744873046875E-004
 Average time per cell    5.0246715545654295E-006
 Step time per cell       4.1484832763671872E-006
 Step       9 time   0.3200000 control    sound    timestep   4.00E-02       1,       1 x  5.00E-01 y  5.00E-01
 Wall clock    8.9502334594726562E-004
 Average time per cell    4.9723519219292532E-006
 Step time per cell       3.7550926208496094E-006
 Step      10 time   0.3600000 control    sound    timestep   4.00E-02       1,       1 x  5.00E-01 y  5.00E-01

 Time   0.39999999999999997     
                       Volume            Mass         Density        Pressure Internal Energy  Kinetic Energy    Total Energy
 step:     10      0.2000E+02      0.1200E+02      0.6000E+00      0.5365E+00      0.2682E+02      0.1634E+00      0.2699E+02

 Wall clock    9.9706649780273438E-004
 Average time per cell    4.9853324890136719E-006
 Step time per cell       4.3034553527832033E-006
 Step      11 time   0.4000000 control    sound    timestep   4.00E-02       1,       1 x  5.00E-01 y  5.00E-01
 Wall clock    1.0778903961181641E-003
 Average time per cell    4.8995018005371095E-006
 Step time per cell       3.3497810363769533E-006
 Step      12 time   0.4400000 control    sound    timestep   4.00E-02       1,       1 x  5.00E-01 y  5.00E-01
 Wall clock    1.1579990386962891E-003
 Average time per cell    4.8249959945678713E-006
 Step time per cell       3.3020973205566405E-006
 Step      13 time   0.4800000 control    sound    timestep   4.00E-02       1,       1 x  5.00E-01 y  5.00E-01
 Wall clock    1.2390613555908203E-003
 Average time per cell    4.7656205984262322E-006
 Step time per cell       3.3020973205566405E-006
 Step      14 time   0.5200000 control    sound    timestep   4.00E-02       1,       1 x  5.00E-01 y  5.00E-01
 Wall clock    1.3198852539062500E-003
 Average time per cell    4.7138759068080359E-006
 Step time per cell       3.3020973205566405E-006
 Step      15 time   0.5600000 control    sound    timestep   4.00E-02       1,       1 x  5.00E-01 y  5.00E-01
 Wall clock    1.4009475708007812E-003
 Average time per cell    4.6698252360026040E-006
 Step time per cell       3.3020973205566405E-006
 Step      16 time   0.6000000 control    sound    timestep   4.00E-02       1,       1 x  5.00E-01 y  5.00E-01
 Wall clock    1.4810562133789062E-003
 Average time per cell    4.6283006668090824E-006
 Step time per cell       3.2544136047363282E-006
 Step      17 time   0.6400000 control    sound    timestep   4.00E-02       1,       1 x  5.00E-01 y  5.00E-01
 Wall clock    1.5618801116943359E-003
 Average time per cell    4.5937650343951061E-006
 Step time per cell       3.3020973205566405E-006
 Step      18 time   0.6800000 control    sound    timestep   4.00E-02       1,       1 x  5.00E-01 y  5.00E-01
 Wall clock    1.6419887542724609E-003
 Average time per cell    4.5610798729790584E-006
 Step time per cell       3.3020973205566405E-006
 Step      19 time   0.7200000 control    sound    timestep   4.00E-02       1,       1 x  5.00E-01 y  5.00E-01
 Wall clock    1.7230510711669922E-003
 Average time per cell    4.5343449241236633E-006
 Step time per cell       3.3020973205566405E-006
 Step      20 time   0.7600000 control    sound    timestep   4.00E-02       1,       1 x  5.00E-01 y  5.00E-01

 Time   0.80000000000000016     
                       Volume            Mass         Density        Pressure Internal Energy  Kinetic Energy    Total Energy
 step:     20      0.2000E+02      0.1200E+02      0.6000E+00      0.5306E+00      0.2653E+02      0.4217E+00      0.2695E+02

 Wall clock    1.8339157104492188E-003
 Average time per cell    4.5847892761230470E-006
 Step time per cell       4.1961669921875003E-006
 Step      21 time   0.8000000 control    sound    timestep   4.00E-02       1,       1 x  5.00E-01 y  5.00E-01
 Wall clock    1.9240379333496094E-003
 Average time per cell    4.5810426984514511E-006
 Step time per cell       3.7550926208496094E-006
 Step      22 time   0.8400000 control    sound    timestep   4.00E-02       1,       1 x  5.00E-01 y  5.00E-01
 Wall clock    1.9898414611816406E-003
 Average time per cell    4.5223669572310015E-006
 Step time per cell       2.6941299438476564E-006
 Step      23 time   0.8800000 control    sound    timestep   4.00E-02       1,       1 x  5.00E-01 y  5.00E-01
 Wall clock    2.0608901977539062E-003
 Average time per cell    4.4801960820737095E-006
 Step time per cell       3.0517578125000002E-006
 Step      24 time   0.9200000 control    sound    timestep   4.00E-02       1,       1 x  5.00E-01 y  5.00E-01
 Wall clock    2.1469593048095703E-003
 Average time per cell    4.4728318850199384E-006
 Step time per cell       3.4451484680175780E-006
 Step      25 time   0.9600000 control    sound    timestep   4.00E-02       1,       1 x  5.00E-01 y  5.00E-01
 Wall clock    2.2330284118652344E-003
 Average time per cell    4.4660568237304686E-006
 Step time per cell       3.4570693969726562E-006
 Step      26 time   1.0000000 control    sound    timestep   4.00E-02       1,       1 x  5.00E-01 y  5.00E-01
 Wall clock    2.3200511932373047E-003
 Average time per cell    4.4616369100717395E-006
 Step time per cell       3.4570693969726562E-006
 Step      27 time   1.0400000 control    sound    timestep   4.00E-02       1,       1 x  5.00E-01 y  5.00E-01
 Wall clock    2.5038719177246094E-003
 Average time per cell    4.6367998476381658E-006
 Step time per cell       3.2901763916015627E-006
 Step      28 time   1.0800000 control    sound    timestep   4.00E-02       1,       1 x  5.00E-01 y  5.00E-01
 Wall clock    2.5930404663085938E-003
 Average time per cell    4.6304294041224887E-006
 Step time per cell       3.5047531127929686E-006
 Step      29 time   1.1200000 control    sound    timestep   4.00E-02       1,       1 x  5.00E-01 y  5.00E-01
 Wall clock    2.6819705963134766E-003
 Average time per cell    4.6240872350232357E-006
 Step time per cell       3.5047531127929686E-006
 Step      30 time   1.1600000 control    sound    timestep   4.00E-02       1,       1 x  5.00E-01 y  5.00E-01

 Time    1.2000000000000004     
                       Volume            Mass         Density        Pressure Internal Energy  Kinetic Energy    Total Energy
 step:     30      0.2000E+02      0.1200E+02      0.6000E+00      0.5249E+00      0.2625E+02      0.6809E+00      0.2693E+02

 Wall clock    2.7999877929687500E-003
 Average time per cell    4.6666463216145835E-006
 Step time per cell       4.9471855163574219E-006
 Step      31 time   1.2000000 control    sound    timestep   4.00E-02       1,       1 x  5.00E-01 y  5.00E-01
 Wall clock    2.9008388519287109E-003
 Average time per cell    4.6787723418205017E-006
 Step time per cell       4.1961669921875003E-006
 Step      32 time   1.2400000 control    sound    timestep   4.00E-02       1,       1 x  5.00E-01 y  5.00E-01
 Wall clock    2.9900074005126953E-003
 Average time per cell    4.6718865633010861E-006
 Step time per cell       3.5047531127929686E-006
 Step      33 time   1.2800000 control    sound    timestep   4.00E-02       1,       1 x  5.00E-01 y  5.00E-01
 Wall clock    3.0789375305175781E-003
 Average time per cell    4.6650568644205729E-006
 Step time per cell       3.5047531127929686E-006
 Step      34 time   1.3200000 control    sound    timestep   4.00E-02       1,       1 x  5.00E-01 y  5.00E-01
 Wall clock    3.1919479370117188E-003
 Average time per cell    4.6940410838407627E-006
 Step time per cell       4.6491622924804688E-006
 Step      35 time   1.3600000 control    sound    timestep   4.00E-02       1,       1 x  5.00E-01 y  5.00E-01
 Wall clock    3.2930374145507812E-003
 Average time per cell    4.7043391636439736E-006
 Step time per cell       3.9577484130859378E-006
 Step      36 time   1.4000000 control    sound    timestep   4.00E-02       1,       1 x  5.00E-01 y  5.00E-01
 Wall clock    3.3919811248779297E-003
 Average time per cell    4.7110848956637914E-006
 Step time per cell       3.8981437683105472E-006
 Step      37 time   1.4400000 control    sound    timestep   4.00E-02       1,       1 x  5.00E-01 y  5.00E-01
 Wall clock    3.4899711608886719E-003
 Average time per cell    4.7161772444441509E-006
 Step time per cell       3.8504600524902340E-006
 Step      38 time   1.4800000 control    sound    timestep   4.00E-02       1,       1 x  5.00E-01 y  5.00E-01
 Wall clock    3.5948753356933594E-003
 Average time per cell    4.7300991259123146E-006
 Step time per cell       4.2438507080078127E-006
 Step      39 time   1.5200000 control    sound    timestep   4.00E-02       1,       1 x  5.00E-01 y  5.00E-01
 Wall clock    3.7000179290771484E-003
 Average time per cell    4.7436127295860880E-006
 Step time per cell       3.9577484130859378E-006
 Step      40 time   1.5600000 control    sound    timestep   4.00E-02       1,       1 x  5.00E-01 y  5.00E-01

 Time    1.6000000000000008     
                       Volume            Mass         Density        Pressure Internal Energy  Kinetic Energy    Total Energy
 step:     40      0.2000E+02      0.1200E+02      0.6000E+00      0.5193E+00      0.2597E+02      0.9449E+00      0.2691E+02

 Wall clock    3.8299560546875000E-003
 Average time per cell    4.7874450683593746E-006
 Step time per cell       5.4478645324707035E-006
 Step      41 time   1.6000000 control    sound    timestep   4.00E-02       1,       1 x  5.00E-01 y  5.00E-01
 Wall clock    3.9319992065429688E-003
 Average time per cell    4.7951209835889865E-006
 Step time per cell       4.1007995605468748E-006
 Step      42 time   1.6400000 control    sound    timestep   4.00E-02       1,       1 x  5.00E-01 y  5.00E-01
 Wall clock    4.0278434753417969E-003
 Average time per cell    4.7950517563592817E-006
 Step time per cell       3.6954879760742188E-006
 Step      43 time   1.6800000 control    sound    timestep   4.00E-02       1,       1 x  5.00E-01 y  5.00E-01
 Wall clock    4.1229724884033203E-003
 Average time per cell    4.7941540562829310E-006
 Step time per cell       3.6954879760742188E-006
 Step      44 time   1.7200000 control    sound    timestep   4.00E-02       1,       1 x  5.00E-01 y  5.00E-01
 Wall clock    4.2178630828857422E-003
 Average time per cell    4.7930262305519794E-006
 Step time per cell       3.6478042602539064E-006
 Step      45 time   1.7600000 control    sound    timestep   4.00E-02       1,       1 x  5.00E-01 y  5.00E-01
 Wall clock    4.3120384216308594E-003
 Average time per cell    4.7911538018120661E-006
 Step time per cell       3.6597251892089843E-006
 Step      46 time   1.8000000 control    sound    timestep   4.00E-02       1,       1 x  5.00E-01 y  5.00E-01
 Wall clock    4.4138431549072266E-003
 Average time per cell    4.7976556031600289E-006
 Step time per cell       3.9935111999511719E-006
 Step      47 time   1.8400000 control    sound    timestep   4.00E-02       1,       1 x  5.00E-01 y  5.00E-01
 Wall clock    4.5540332794189453E-003
 Average time per cell    4.8447162547010056E-006
 Step time per cell       3.8504600524902340E-006
 Step      48 time   1.8800000 control    sound    timestep   4.00E-02       1,       1 x  5.00E-01 y  5.00E-01
 Wall clock    4.6489238739013672E-003
 Average time per cell    4.8426290353139244E-006
 Step time per cell       3.6478042602539064E-006
 Step      49 time   1.9200000 control    sound    timestep   4.00E-02       1,       1 x  5.00E-01 y  5.00E-01
 Wall clock    4.7440528869628906E-003
 Average time per cell    4.8408702928192764E-006
 Step time per cell       3.6597251892089843E-006
 Step      50 time   1.9600000 control    sound    timestep   4.00E-02       1,       1 x  5.00E-01 y  5.00E-01

 Time    2.0000000000000009     
                       Volume            Mass         Density        Pressure Internal Energy  Kinetic Energy    Total Energy
 step:     50      0.2000E+02      0.1200E+02      0.6000E+00      0.5137E+00      0.2568E+02      0.1220E+01      0.2690E+02

 Wall clock    4.8949718475341797E-003
 Average time per cell    4.8949718475341794E-006
 Step time per cell       5.6505203247070311E-006
 Step      51 time   2.0000000 control    sound    timestep   4.00E-02       1,       1 x  5.00E-01 y  5.00E-01
 Wall clock    4.9879550933837891E-003
 Average time per cell    4.8901520523370483E-006
 Step time per cell       3.6954879760742188E-006
 Step      52 time   2.0400000 control    sound    timestep   4.00E-02       1,       1 x  5.00E-01 y  5.00E-01
 Wall clock    5.0828456878662109E-003
 Average time per cell    4.8873516229482797E-006
 Step time per cell       3.6478042602539064E-006
 Step      53 time   2.0800000 control    sound    timestep   4.00E-02       1,       1 x  5.00E-01 y  5.00E-01
 Wall clock    5.1779747009277344E-003
 Average time per cell    4.8848817933280516E-006
 Step time per cell       3.6954879760742188E-006
 Step      54 time   2.1200000 control    sound    timestep   4.00E-02       1,       1 x  5.00E-01 y  5.00E-01
 Wall clock    5.2809715270996094E-003
 Average time per cell    4.8897884510181569E-006
 Step time per cell       3.6954879760742188E-006
 Step      55 time   2.1600000 control    sound    timestep   4.00E-02       1,       1 x  5.00E-01 y  5.00E-01
 Wall clock    5.3820610046386719E-003
 Average time per cell    4.8927827314897021E-006
 Step time per cell       4.0054321289062502E-006
 Step      56 time   2.2000000 control    sound    timestep   4.00E-02       1,       1 x  5.00E-01 y  5.00E-01
 Wall clock    5.4769515991210938E-003
 Average time per cell    4.8901353563581195E-006
 Step time per cell       3.6478042602539064E-006
 Step      57 time   2.2400000 control    sound    timestep   4.00E-02       1,       1 x  5.00E-01 y  5.00E-01
 Wall clock    5.5708885192871094E-003
 Average time per cell    4.8867443151641313E-006
 Step time per cell       3.6478042602539064E-006
 Step      58 time   2.2800000 control    sound    timestep   4.00E-02       1,       1 x  5.00E-01 y  5.00E-01
 Wall clock    5.6660175323486328E-003
 Average time per cell    4.8844978727143388E-006
 Step time per cell       3.6478042602539064E-006
 Step      59 time   2.3200000 control    sound    timestep   4.00E-02       1,       1 x  5.00E-01 y  5.00E-01
 Wall clock    5.7609081268310547E-003
 Average time per cell    4.8821255312127584E-006
 Step time per cell       3.6954879760742188E-006
 Step      60 time   2.3600000 control    sound    timestep   4.00E-02       1,       1 x  5.00E-01 y  5.00E-01

 Time    2.4000000000000012     
                       Volume            Mass         Density        Pressure Internal Energy  Kinetic Energy    Total Energy
 step:     60      0.2000E+02      0.1200E+02      0.6000E+00      0.5081E+00      0.2540E+02      0.1493E+01      0.2690E+02

 Wall clock    5.8908462524414062E-003
 Average time per cell    4.9090385437011718E-006
 Step time per cell       5.4478645324707035E-006
 Step      61 time   2.4000000 control    sound    timestep   4.00E-02       1,       1 x  5.00E-01 y  5.00E-01
 Wall clock    5.9859752655029297E-003
 Average time per cell    4.9065371028712535E-006
 Step time per cell       3.7550926208496094E-006
 Step      62 time   2.4400000 control    sound    timestep   4.00E-02       1,       1 x  5.00E-01 y  5.00E-01
 Wall clock    6.0808658599853516E-003
 Average time per cell    4.9039240806333484E-006
 Step time per cell       3.6954879760742188E-006
 Step      63 time   2.4800000 control    sound    timestep   4.00E-02       1,       1 x  5.00E-01 y  5.00E-01
 Wall clock    6.1750411987304688E-003
 Average time per cell    4.9008263481987851E-006
 Step time per cell       3.6597251892089843E-006
 Step      64 time   2.5200000 control    sound    timestep   4.00E-02       1,       1 x  5.00E-01 y  5.00E-01
 Wall clock    6.2859058380126953E-003
 Average time per cell    4.9108639359474182E-006
 Step time per cell       3.6954879760742188E-006
 Step      65 time   2.5600000 control    sound    timestep   4.00E-02       1,       1 x  5.00E-01 y  5.00E-01
 Wall clock    6.3810348510742188E-003
 Average time per cell    4.9084883469801683E-006
 Step time per cell       3.6597251892089843E-006
 Step      66 time   2.6000000 control    sound    timestep   4.00E-02       1,       1 x  5.00E-01 y  5.00E-01
 Wall clock    6.4849853515625000E-003
 Average time per cell    4.9128676905776514E-006
 Step time per cell       4.1484832763671872E-006
 Step      67 time   2.6400000 control    sound    timestep   4.00E-02       1,       1 x  5.00E-01 y  5.00E-01
 Wall clock    6.5789222717285156E-003
 Average time per cell    4.9096434863645638E-006
 Step time per cell       3.6478042602539064E-006
 Step      68 time   2.6800000 control    sound    timestep   4.00E-02       1,       1 x  5.00E-01 y  5.00E-01
 Wall clock    6.6740512847900391E-003
 Average time per cell    4.9073906505809108E-006
 Step time per cell       3.6597251892089843E-006
 Step      69 time   2.7200000 control    sound    timestep   4.00E-02       1,       1 x  5.00E-01 y  5.00E-01
 Wall clock    6.7689418792724609E-003
 Average time per cell    4.9050303472988846E-006
 Step time per cell       3.6478042602539064E-006
 Step      70 time   2.7600000 control    sound    timestep   4.00E-02       1,       1 x  5.00E-01 y  5.00E-01

 Time    2.8000000000000016     
                       Volume            Mass         Density        Pressure Internal Energy  Kinetic Energy    Total Energy
 step:     70      0.2000E+02      0.1200E+02      0.6000E+00      0.5031E+00      0.2516E+02      0.1734E+01      0.2689E+02

 Wall clock    6.8998336791992188E-003
 Average time per cell    4.9284526279994418E-006
 Step time per cell       5.4478645324707035E-006
 Step      71 time   2.8000000 control    sound    timestep   4.00E-02       1,       1 x  5.00E-01 y  5.00E-01
 Wall clock    6.9940090179443359E-003
 Average time per cell    4.9253584633410816E-006
 Step time per cell       3.7074089050292970E-006
 Step      72 time   2.8400000 control    sound    timestep   4.00E-02       1,       1 x  5.00E-01 y  5.00E-01
 Wall clock    7.0888996124267578E-003
 Average time per cell    4.9228469530741375E-006
 Step time per cell       3.6954879760742188E-006
 Step      73 time   2.8800000 control    sound    timestep   4.00E-02       1,       1 x  5.00E-01 y  5.00E-01
 Wall clock    7.1840286254882812E-003
 Average time per cell    4.9205675517043025E-006
 Step time per cell       3.6597251892089843E-006
 Step      74 time   2.9200000 control    sound    timestep   4.00E-02       1,       1 x  5.00E-01 y  5.00E-01
 Wall clock    7.2789192199707031E-003
 Average time per cell    4.9181886621423671E-006
 Step time per cell       3.6478042602539064E-006
 Step      75 time   2.9600000 control    sound    timestep   4.00E-02       1,       1 x  5.00E-01 y  5.00E-01

 Time    3.0000000000000018     
                       Volume            Mass         Density        Pressure Internal Energy  Kinetic Energy    Total Energy
 step:     75      0.2000E+02      0.1200E+02      0.6000E+00      0.5012E+00      0.2506E+02      0.1823E+01      0.2688E+02

Test problem   1 is within   0.2842171E-13% of the expected solution
 This test is considered PASSED

 Calculation complete
 Clover is finishing
 Wall clock    7.4298381805419922E-003
 First step overhead   3.4093856811523438E-005
