
Clover Version    1.300
       MPI Version
   Task Count      1

 Clover will run from the following input:-

*clover                                                                                             
                                                                                                    
 state 1 density=0.2 energy=1.0                                                                     
 state 2 density=1.0 energy=2.5 geometry=rectangle xmin=0.0 xmax=5.0 ymin=0.0 ymax=2.0              
                                                                                                    
 x_cells=960                                                                                        
 y_cells=960                                                                                        
                                                                                                    
 xmin=0.0                                                                                           
 ymin=0.0                                                                                           
 xmax=10.0                                                                                          
 ymax=10.0                                                                                          
                                                                                                    
 initial_timestep=0.04                                                                              
 timestep_rise=1.5                                                                                  
 max_timestep=0.04                                                                                  
 end_step=87                                                                                        
 test_problem 2                                                                                     
*endclover                                                                                          

 Initialising and generating

 Reading input file

 Reading specification for state            1

            state density   0.2000E+00
             state energy   0.1000E+01

 Reading specification for state            2

            state density   0.1000E+01
             state energy   0.2500E+01
 state geometry rectangular
               state xmin   0.0000E+00
               state xmax   0.5000E+01
               state ymin   0.0000E+00
               state ymax   0.2000E+01

                   x_cells         960
                   y_cells         960
                      xmin  0.0000E+00
                      ymin  0.0000E+00
                      xmax  0.1000E+02
                      ymax  0.1000E+02
         initial_timestep   0.4000E-01
             timestep_rise  0.1500E+01
              max_timestep  0.4000E-01
                  end_step          87
              test_problem           2

     Using Fortran Kernels

 Input read finished.

 Setting up initial geometry


 Mesh ratio of    1.0000000000000000     
 Decomposing the mesh into            1  by            1  chunks
 Decomposing the chunk with            1  tiles

 Generating chunks

 Problem initialised and generated

 Time    0.0000000000000000     
                       Volume            Mass         Density        Pressure Internal Energy  Kinetic Energy    Total Energy
 step:      0      0.1000E+03      0.2800E+02      0.2800E+00      0.1720E+00      0.4300E+02      0.0000E+00      0.4300E+02

 Starting the calculation
 Step       1 time   0.0000000 control    sound    timestep   6.16E-03       1,       1 x  5.21E-03 y  5.21E-03
 Wall clock   0.45199894905090332     
 Average time per cell    4.9045024853613644E-007
 Step time per cell       4.9045024853613644E-007
 Step       2 time   0.0061626 control    sound    timestep   3.76E-03       1,       1 x  5.21E-03 y  5.21E-03
 Wall clock   0.91582298278808594     
 Average time per cell    4.9686576757166124E-007
 Step time per cell       5.0323135736915796E-007
 Step       3 time   0.0099242 control    sound    timestep   4.78E-03       1,       1 x  5.21E-03 y  5.21E-03
 Wall clock    1.3840069770812988     
 Average time per cell    5.0058122724294663E-007
 Step time per cell       5.0797515238324801E-007
 Step       4 time   0.0147037 control    sound    timestep   5.04E-03       1,       1 x  5.21E-03 y  5.21E-03
 Wall clock    1.8323349952697754     
 Average time per cell    4.9705267883837219E-007
 Step time per cell       4.8642796981665828E-007
 Step       5 time   0.0197397 control    sound    timestep   5.54E-03       1,       1 x  5.21E-03 y  5.21E-03
 Wall clock    2.2954831123352051     
 Average time per cell    4.9815171708663308E-007
 Step time per cell       5.0251191068026758E-007
 Step       6 time   0.0252815 control    sound    timestep   5.53E-03       1,       1 x  5.21E-03 y  5.21E-03
 Wall clock    2.7423629760742188     
 Average time per cell    4.9594237848564431E-007
 Step time per cell       4.8484911935196981E-007
 Step       7 time   0.0308107 control    sound    timestep   5.63E-03       1,       1 x  5.21E-03 y  5.21E-03
 Wall clock    3.1944730281829834     
 Average time per cell    4.9517501056903887E-007
 Step time per cell       4.9053484366999732E-007
 Step       8 time   0.0364452 control    sound    timestep   5.93E-03       1,       1 x  5.21E-03 y  5.21E-03
 Wall clock    3.6395471096038818     
 Average time per cell    4.9364517003090842E-007
 Step time per cell       4.8289929206172630E-007
 Step       9 time   0.0423713 control    sound    timestep   5.86E-03       1,       1 x  5.21E-03 y  5.21E-03
 Wall clock    4.0883870124816895     
 Average time per cell    4.9290931381193209E-007
 Step time per cell       4.8697693273425106E-007
 Step      10 time   0.0482336 control    sound    timestep   5.82E-03       1,       1 x  5.21E-03 y  5.21E-03

 Time    5.4054230746582298E-002
                       Volume            Mass         Density        Pressure Internal Energy  Kinetic Energy    Total Energy
 step:     10      0.1000E+03      0.2800E+02      0.2800E+00      0.1715E+00      0.4286E+02      0.1272E+00      0.4299E+02

 Wall clock    4.5604381561279297     
 Average time per cell    4.9483920964929792E-007
 Step time per cell       5.1217231278618176E-007
 Step      11 time   0.0540542 control    sound    timestep   5.78E-03       1,       1 x  5.21E-03 y  5.21E-03
 Wall clock    5.0067319869995117     
 Average time per cell    4.9387744505598091E-007
 Step time per cell       4.8423160074485676E-007
 Step      12 time   0.0598338 control    sound    timestep   5.76E-03       1,       1 x  5.21E-03 y  5.21E-03
 Wall clock    5.4484050273895264     
 Average time per cell    4.9265815134815593E-007
 Step time per cell       4.7920996116267313E-007
 Step      13 time   0.0655905 control    sound    timestep   5.77E-03       1,       1 x  5.21E-03 y  5.21E-03
 Wall clock    5.8933119773864746     
 Average time per cell    4.9189636563388711E-007
 Step time per cell       4.8270940573679073E-007
 Step      14 time   0.0713614 control    sound    timestep   5.79E-03       1,       1 x  5.21E-03 y  5.21E-03
 Wall clock    6.3407621383666992     
 Average time per cell    4.9144051791656586E-007
 Step time per cell       4.8546663795908296E-007
 Step      15 time   0.0771552 control    sound    timestep   5.80E-03       1,       1 x  5.21E-03 y  5.21E-03
 Wall clock    6.7923209667205811     
 Average time per cell    4.9134266252319015E-007
 Step time per cell       4.8992715569006069E-007
 Step      16 time   0.0829578 control    sound    timestep   5.80E-03       1,       1 x  5.21E-03 y  5.21E-03
 Wall clock    7.2396521568298340     
 Average time per cell    4.9097033398639824E-007
 Step time per cell       4.8533858110507329E-007
 Step      17 time   0.0887628 control    sound    timestep   5.81E-03       1,       1 x  5.21E-03 y  5.21E-03
 Wall clock    7.6901619434356689     
 Average time per cell    4.9084469103832648E-007
 Step time per cell       4.8878783774044773E-007
 Step      18 time   0.0945706 control    sound    timestep   5.81E-03       1,       1 x  5.21E-03 y  5.21E-03
 Wall clock    8.1383340358734131     
 Average time per cell    4.9059208838935987E-007
